SQL> CREATE TABLE INVESTIMENTO (
  2      ID_INVESTIMENTO INTEGER,
  3      ID_CLIENTE INTEGER NOT NULL,
  4      TIPO_INVESTIMENTO VARCHAR2(30) NOT NULL,
  5      IMPORTO_INVESTITO NUMBER(38, 2) NOT NULL,
  6      DATA_INVESTIMENTO DATE NOT NULL,
  7      CONSTRAINT P_ID_INVESTIMENTO PRIMARY KEY (ID_INVESTIMENTO),
  8      CONSTRAINT R_ID_CLIENTE FOREIGN KEY (ID_CLIENTE) REFERENCES CLIENTE(ID_CLIENTE)
  9  );

CONSTRAINT R_ID_CLIENTE FOREIGN KEY (ID_CLIENTE) REFERENCES
CLIENTE(ID_CLIENTE)
*

ERROR at line 17:
ORA-00942: table or view does not exist
SQL> CREATE TABLE CLIENTE (
  2      ID_CLIENTE INT,
  3      NOME VARCHAR2(30) NOT NULL,
  4      COGNOME VARCHAR2(30) NOT NULL,
  5      DATA_NASCITA DATE NOT NULL,
  6      INDIRIZZO VARCHAR2(100) NOT NULL,
  7      CONSTRAINT P_ID_CLIENTE PRIMARY KEY (ID_CLIENTE)
  8  );

TABLE created.

SQL> CREATE TABLE INVESTIMENTO (
  2      ID_INVESTIMENTO INTEGER,
  3      ID_CLIENTE INTEGER NOT NULL,
  4      TIPO_INVESTIMENTO VARCHAR2(30) NOT NULL,
  5      IMPORTO_INVESTITO NUMBER(38, 2) NOT NULL,
  6      DATA_INVESTIMENTO DATE NOT NULL,
  7      CONSTRAINT P_ID_INVESTIMENTO PRIMARY KEY (ID_INVESTIMENTO),
  8      CONSTRAINT R_ID_CLIENTE FOREIGN KEY (ID_CLIENTE) REFERENCES CLIENTE(ID_CLIENTE)
  9  );

TABLE created.

SQL> CREATE TABLE CONTO (
  2      NUMERO_CONTO INTEGER,
  3      ID_CLIENTE INTEGER NOT NULL,
  4      ID_PRESTITO TIPO_CONTO NUMBER(2) NOT NULL,
  5      SALDO NUMBER(38, 2) NOT NULL,
  6      DATA_APERTURA DATE NOT NULL,
  7      CONSTRAINT P_NUMERO_CONTO PRIMARY KEY (NUMERO_CONTO),
  8      CONSTRAINT R_ID_CLIENTE FOREIGN KEY (ID_CLIENTE) REFERENCES CLIENTE(ID_CLIENTE)
  9  );

    ID_PRESTITO TIPO_CONTO NUMBER(2) NOT NULL,
                            *
ERROR at line 23:
ORA-00907: missing right parenthesis
SQL> CREATE TABLE CAMBIO_VALUTA (
  2      ID_CAMBIO INTEGER,
  3      VALUTA_ORIGINE VARCHAR2(30) NOT NULL,
  4      VALUTA_DESTINAZIONE VARCHAR2(30) NOT NULL,
  5      TASSO_CAMBIO DOUBLE NOT NULL,
  6      DATA_CAMBIO DATE NOT NULL,
  7      CONSTRAINT P_ID_CAMBIO PRIMARY KEY (ID_CAMBIO)
  8  );

    TASSO_CAMBIO DOUBLE NOT NULL,
                         *
ERROR at line 34:
ORA-00905: missing keyword
SQL> CREATE TABLE TRANSAZIONE (
  2      ID_TRANSAZIONE INTEGER,
  3      NUMERO_CONTO INTEGER NOT NULL,
  4      ID_CAMBIO INTEGER NULL,
  5      DATA_TRANSAZIONE DATE NOT NULL,
  6      TIPO_TRANSAZIONE VARCHAR2(30) NOT NULL,
  7      IMPORTO NUMBER(38, 2) NOT NULL,
  8      CONSTRAINT P_ID_TRANSAZIONE PRIMARY KEY (ID_TRANSAZIONE),
  9      CONSTRAINT R_NUMERO_CONTO FOREIGN KEY (NUMERO_CONTO) REFERENCES CONTO(NUMERO_CONTO),
  10      CONSTRAINT R_ID_CAMBIO FOREIGN KEY (ID_CAMBIO) REFERENCES CAMBIO_VALUTA(ID_CAMBIO)
  11  );

CONSTRAINT R_NUMERO_CONTO FOREIGN KEY (NUMERO_CONTO) REFERENCES
CONTO(NUMERO_CONTO),
*

ERROR at line 47:
ORA-00942: table or view does not exist
SQL> CREATE TABLE FILIALE (
  2      ID_FILIALE INTEGER,
  3      NOME_FILIALE VARCHAR2(50) NOT NULL,
  4      INDIRIZZO_FILIALE VARCHAR2(100) NOT NULL,
  5      TELEFONO CHAR(20) NOT NULL,
  6      RESPONSABILE INTEGER NOT NULL,
  7      CONSTRAINT P_ID_FILIALE PRIMARY KEY (ID_FILIALE)
  8  );

TABLE created.

SQL> CREATE TABLE TASSO_INTERESSE (
  2      ID_TASSO INTEGER,
  3      TIPO_CONTO VARCHAR(30) NOT NULL,
  4      TASSO_ANNUO NUMBER(4, 2) NOT NULL,
  5      DATA_INIZIO_VALENZA DATE NOT NULL,
  6      DATA_FINE_VALENZA DATE NOT NULL,
  7      CONSTRAINT P_ID_TASSO PRIMARY KEY (ID_TASSO)
  8  )
  9
  10  CREATE TABLE PRESTITO (
  11      ID_PRESTITO INTEGER,
  12      ID_CONTO INTEGER NOT NULL,
  13      ID_FILIALE INTEGER NOT NULL,
  14      ID_TASSO INTEGER NOT NULL,
  15      NUMERO_PRESTITO INTEGER NOT NULL,
  16      IMPORTO_PRESTITO NUMBER(38, 2) NOT NULL,
  17      DATA_CONCESSIONE DATE NOT NULL,
  18      CONSTRAINT P_ID_PRESTITO PRIMARY KEY (ID_PRESTITO),
  19      CONSTRAINT R_ID_CONTO FOREIGN KEY (ID_CONTO) REFERENCES CONTO(ID_CONTO),
  20      CONSTRAINT R_ID_FILIALE FOREIGN KEY (ID_FILIALE) REFERENCES FILIALE(ID_FILIALE),
  21      CONSTRAINT R_ID_TASSO FOREIGN KEY (ID_TASSO) REFERENCES TASSO_INTERESSE(ID_TASSO)
  22  );

CREATE TABLE PRESTITO (
 *
ERROR at line 69:
ORA-00922: missing or invalid option
SQL> CREATE TABLE DIPENDENTE (
  2      ID_DIPENDENTE INTEGER,
  3      ID_FILIALE INTEGER NOT NULL,
  4      NOME_DIPENDENTE VARCHAR2(30) NOT NULL,
  5      COGNOME_DIPENDENTE VARCHAR(30) NOT NULL,
  6      RUOLO VARCHAR2(30) NOT NULL,
  7      CONSTRAINT P_ID_DIPENDENTE PRIMARY KEY (ID_DIPENDENTE),
  8      CONSTRAINT R_ID_FILIALE FOREIGN KEY (ID_FILIALE) REFERENCES FILIALE(ID_FILIALE)
  9  );

CREATE TABLE DIPENDENTE (
             *
ERROR at line 83:
ORA-00955: name is already used by an existing object
SQL> CREATE TABLE BANCOMAT (
  2      NUMERO_BANCOMAT INTEGER,
  3      ID_FILIALE INTEGER NOT NULL,
  4      POSIZIONE VARCHAR2(100) NOT NULL,
  5      DATA_INSTALLAZIONE DATE NOT NULL,
  6      CONSTRAINT P_NUMERO_BANCOMAT PRIMARY KEY (NUMERO_BANCOMAT),
  7      CONSTRAINT R_ID_FILIALE FOREIGN KEY (ID_FILIALE) REFERENCES FILIALE(ID_FILIALE)
  8  );

TABLE created.

SQL> CREATE TABLE CLIENTE (
  2      ID_CLIENTE INT,
  3      NOME VARCHAR2(30) NOT NULL,
  4      COGNOME VARCHAR2(30) NOT NULL,
  5      DATA_NASCITA DATE NOT NULL,
  6      INDIRIZZO VARCHAR2(100) NOT NULL,
  7      CONSTRAINT P_ID_CLIENTE PRIMARY KEY (ID_CLIENTE)
  8  );

TABLE created.

SQL> CREATE TABLE INVESTIMENTO (
  2      ID_INVESTIMENTO INTEGER,
  3      ID_CLIENTE INTEGER NOT NULL,
  4      TIPO_INVESTIMENTO VARCHAR2(30) NOT NULL,
  5      IMPORTO_INVESTITO NUMBER(38, 2) NOT NULL,
  6      DATA_INVESTIMENTO DATE NOT NULL,
  7      CONSTRAINT P_ID_INVESTIMENTO PRIMARY KEY (ID_INVESTIMENTO),
  8      CONSTRAINT R_ID_CLIENTE FOREIGN KEY (ID_CLIENTE) REFERENCES CLIENTE(ID_CLIENTE)
  9  );

TABLE created.

SQL> CREATE TABLE CONTO (
  2      NUMERO_CONTO INTEGER,
  3      ID_CLIENTE INTEGER NOT NULL,
  4      ID_PRESTITO TIPO_CONTO NUMBER(2) NOT NULL,
  5      SALDO NUMBER(38, 2) NOT NULL,
  6      DATA_APERTURA DATE NOT NULL,
  7      CONSTRAINT P_NUMERO_CONTO PRIMARY KEY (NUMERO_CONTO),
  8      CONSTRAINT R_ID_CLIENTE FOREIGN KEY (ID_CLIENTE) REFERENCES CLIENTE(ID_CLIENTE)
  9  );

    ID_PRESTITO TIPO_CONTO NUMBER(2) NOT NULL,
                            *
ERROR at line 23:
ORA-00907: missing right parenthesis
SQL> CREATE TABLE CONTO (
  2      NUMERO_CONTO INTEGER,
  3      ID_CLIENTE INTEGER NOT NULL,
  4      TIPO_CONTO VARCHAR2(30) NOT NULL,
  5      SALDO NUMBER(38, 2) NOT NULL,
  6      DATA_APERTURA DATE NOT NULL,
  7      CONSTRAINT P_NUMERO_CONTO PRIMARY KEY (NUMERO_CONTO),
  8      CONSTRAINT R_ID_CLIENTE FOREIGN KEY (ID_CLIENTE) REFERENCES CLIENTE(ID_CLIENTE)
  9  );

CONSTRAINT R_ID_CLIENTE FOREIGN KEY (ID_CLIENTE) REFERENCES
CLIENTE(ID_CLIENTE)
*

ERROR at line 27:
ORA-02264: name already used by an existing constraint
SQL> CREATE TABLE INVESTIMENTO (
  2      ID_INVESTIMENTO INTEGER,
  3      ID_CLIENTE INTEGER NOT NULL,
  4      TIPO_INVESTIMENTO VARCHAR2(30) NOT NULL,
  5      IMPORTO_INVESTITO NUMBER(38, 2) NOT NULL,
  6      DATA_INVESTIMENTO DATE NOT NULL,
  7      CONSTRAINT P_ID_INVESTIMENTO PRIMARY KEY (ID_INVESTIMENTO),
  8      CONSTRAINT R_INVESTIMENTO_ID_CLIENTE FOREIGN KEY (ID_CLIENTE) REFERENCES CLIENTE(ID_CLIENTE)
  9  );

TABLE created.

SQL> CREATE TABLE CONTO (
  2      NUMERO_CONTO INTEGER,
  3      ID_CLIENTE INTEGER NOT NULL,
  4      TIPO_CONTO VARCHAR2(30) NOT NULL,
  5      SALDO NUMBER(38, 2) NOT NULL,
  6      DATA_APERTURA DATE NOT NULL,
  7      CONSTRAINT P_NUMERO_CONTO PRIMARY KEY (NUMERO_CONTO),
  8      CONSTRAINT R_CONTO_ID_CLIENTE FOREIGN KEY (ID_CLIENTE) REFERENCES CLIENTE(ID_CLIENTE)
  9  );

TABLE created.

SQL> CREATE TABLE CAMBIO_VALUTA (
  2      ID_CAMBIO INTEGER,
  3      VALUTA_ORIGINE VARCHAR2(30) NOT NULL,
  4      VALUTA_DESTINAZIONE VARCHAR2(30) NOT NULL,
  5      TASSO_CAMBIO DOUBLE NOT NULL,
  6      DATA_CAMBIO DATE NOT NULL,
  7      CONSTRAINT P_ID_CAMBIO PRIMARY KEY (ID_CAMBIO)
  8  );

    TASSO_CAMBIO DOUBLE NOT NULL,
                         *
ERROR at line 34:
ORA-00905: missing keyword
SQL> CREATE TABLE CAMBIO_VALUTA (
  2      ID_CAMBIO INTEGER,
  3      VALUTA_ORIGINE VARCHAR2(30) NOT NULL,
  4      VALUTA_DESTINAZIONE VARCHAR2(30) NOT NULL,
  5      TASSO_CAMBIO DOUBLE,
  6      DATA_CAMBIO DATE NOT NULL,
  7      CONSTRAINT P_ID_CAMBIO PRIMARY KEY (ID_CAMBIO)
  8  );

    TASSO_CAMBIO DOUBLE,
                        *
ERROR at line 34:
ORA-00905: missing keyword
SQL> CREATE TABLE CAMBIO_VALUTA (
  2      ID_CAMBIO INTEGER,
  3      VALUTA_ORIGINE VARCHAR2(30) NOT NULL,
  4      VALUTA_DESTINAZIONE VARCHAR2(30) NOT NULL,
  5      TASSO_CAMBIO NUMBER(4,2),
  6      DATA_CAMBIO DATE NOT NULL,
  7      CONSTRAINT P_ID_CAMBIO PRIMARY KEY (ID_CAMBIO)
  8  );

TABLE created.

SQL> CREATE TABLE TRANSAZIONE (
  2      ID_TRANSAZIONE INTEGER,
  3      NUMERO_CONTO INTEGER NOT NULL,
  4      ID_CAMBIO INTEGER NULL,
  5      DATA_TRANSAZIONE DATE NOT NULL,
  6      TIPO_TRANSAZIONE VARCHAR2(30) NOT NULL,
  7      IMPORTO NUMBER(38, 2) NOT NULL,
  8      CONSTRAINT P_ID_TRANSAZIONE PRIMARY KEY (ID_TRANSAZIONE),
  9      CONSTRAINT R_NUMERO_CONTO FOREIGN KEY (NUMERO_CONTO) REFERENCES CONTO(NUMERO_CONTO),
  10      CONSTRAINT R_ID_CAMBIO FOREIGN KEY (ID_CAMBIO) REFERENCES CAMBIO_VALUTA(ID_CAMBIO)
  11  );

TABLE created.

SQL> CREATE TABLE FILIALE (
  2      ID_FILIALE INTEGER,
  3      NOME_FILIALE VARCHAR2(50) NOT NULL,
  4      INDIRIZZO_FILIALE VARCHAR2(100) NOT NULL,
  5      TELEFONO CHAR(20) NOT NULL,
  6      RESPONSABILE INTEGER NOT NULL,
  7      CONSTRAINT P_ID_FILIALE PRIMARY KEY (ID_FILIALE)
  8  );

TABLE created.

SQL> CREATE TABLE TASSO_INTERESSE (
  2      ID_TASSO INTEGER,
  3      TIPO_CONTO VARCHAR(30) NOT NULL,
  4      TASSO_ANNUO NUMBER(4, 2) NOT NULL,
  5      DATA_INIZIO_VALENZA DATE NOT NULL,
  6      DATA_FINE_VALENZA DATE NOT NULL,
  7      CONSTRAINT P_ID_TASSO PRIMARY KEY (ID_TASSO)
  8  )

TABLE created.

SQL> CREATE TABLE PRESTITO (
  2      ID_PRESTITO INTEGER,
  3      ID_CONTO INTEGER NOT NULL,
  4      ID_FILIALE INTEGER NOT NULL,
  5      ID_TASSO INTEGER NOT NULL,
  6      NUMERO_PRESTITO INTEGER NOT NULL,
  7      IMPORTO_PRESTITO NUMBER(38, 2) NOT NULL,
  8      DATA_CONCESSIONE DATE NOT NULL,
  9      CONSTRAINT P_ID_PRESTITO PRIMARY KEY (ID_PRESTITO),
  10      CONSTRAINT R_ID_CONTO FOREIGN KEY (ID_CONTO) REFERENCES CONTO(ID_CONTO),
  11      CONSTRAINT R_ID_FILIALE FOREIGN KEY (ID_FILIALE) REFERENCES FILIALE(ID_FILIALE),
  12      CONSTRAINT R_ID_TASSO FOREIGN KEY (ID_TASSO) REFERENCES TASSO_INTERESSE(ID_TASSO)
  13  );

    CONSTRAINT R_ID_CONTO FOREIGN KEY (ID_CONTO) REFERENCES CONTO(ID_CONTO),
                                                                   *
ERROR at line 78:
ORA-00904: "ID_CONTO": invalid identifier
SQL> CREATE TABLE PRESTITO (
  2      ID_PRESTITO INTEGER,
  3      ID_CONTO INTEGER NOT NULL,
  4      ID_FILIALE INTEGER NOT NULL,
  5      ID_TASSO INTEGER NOT NULL,
  6      NUMERO_PRESTITO INTEGER NOT NULL,
  7      IMPORTO_PRESTITO NUMBER(38, 2) NOT NULL,
  8      DATA_CONCESSIONE DATE NOT NULL,
  9      CONSTRAINT P_ID_PRESTITO PRIMARY KEY (ID_PRESTITO),
  10      CONSTRAINT R_ID_CONTO FOREIGN KEY (ID_CONTO) REFERENCES CONTO(NUMERO_CONTO),
  11      CONSTRAINT R_ID_FILIALE FOREIGN KEY (ID_FILIALE) REFERENCES FILIALE(ID_FILIALE),
  12      CONSTRAINT R_ID_TASSO FOREIGN KEY (ID_TASSO) REFERENCES TASSO_INTERESSE(ID_TASSO)
  13  );

TABLE created.

SQL> CREATE TABLE DIPENDENTE (
  2      ID_DIPENDENTE INTEGER,
  3      ID_FILIALE INTEGER NOT NULL,
  4      NOME_DIPENDENTE VARCHAR2(30) NOT NULL,
  5      COGNOME_DIPENDENTE VARCHAR(30) NOT NULL,
  6      RUOLO VARCHAR2(30) NOT NULL,
  7      CONSTRAINT P_ID_DIPENDENTE PRIMARY KEY (ID_DIPENDENTE),
  8      CONSTRAINT R_ID_FILIALE FOREIGN KEY (ID_FILIALE) REFERENCES FILIALE(ID_FILIALE)
  9  );

CONSTRAINT R_ID_FILIALE FOREIGN KEY (ID_FILIALE) REFERENCES
FILIALE(ID_FILIALE)
*

ERROR at line 90:
ORA-02264: name already used by an existing constraint
SQL> CREATE TABLE DIPENDENTE (
  2      ID_DIPENDENTE INTEGER,
  3      ID_FILIALE INTEGER NOT NULL,
  4      NOME_DIPENDENTE VARCHAR2(30) NOT NULL,
  5      COGNOME_DIPENDENTE VARCHAR(30) NOT NULL,
  6      RUOLO VARCHAR2(30) NOT NULL,
  7      CONSTRAINT P_ID_DIPENDENTE PRIMARY KEY (ID_DIPENDENTE),
  8      CONSTRAINT R_DIPENDENTE_ID_FILIALE FOREIGN KEY (ID_FILIALE) REFERENCES FILIALE(ID_FILIALE)
  9  );

TABLE created.

SQL> CREATE TABLE BANCOMAT (
  2      NUMERO_BANCOMAT INTEGER,
  3      ID_FILIALE INTEGER NOT NULL,
  4      POSIZIONE VARCHAR2(100) NOT NULL,
  5      DATA_INSTALLAZIONE DATE NOT NULL,
  6      CONSTRAINT P_NUMERO_BANCOMAT PRIMARY KEY (NUMERO_BANCOMAT),
  7      CONSTRAINT R_ID_FILIALE FOREIGN KEY (ID_FILIALE) REFERENCES FILIALE(ID_FILIALE)
  8  );

CONSTRAINT R_ID_FILIALE FOREIGN KEY (ID_FILIALE) REFERENCES
FILIALE(ID_FILIALE)
*

ERROR at line 99:
ORA-02264: name already used by an existing constraint
SQL> CREATE TABLE BANCOMAT (
  2      NUMERO_BANCOMAT INTEGER,
  3      ID_FILIALE INTEGER NOT NULL,
  4      POSIZIONE VARCHAR2(100) NOT NULL,
  5      DATA_INSTALLAZIONE DATE NOT NULL,
  6      CONSTRAINT P_NUMERO_BANCOMAT PRIMARY KEY (NUMERO_BANCOMAT),
  7      CONSTRAINT R_BANCOMAT_ID_FILIALE FOREIGN KEY (ID_FILIALE) REFERENCES FILIALE(ID_FILIALE)
  8  );

TABLE created.

SQL> /*
  2  SELECT
  3      'drop table '
  4      ||TABLE_NAME
  5      ||' cascade constraints;'
  6  FROM
  7      USER_TABLES;
  8  */
SQL> CREATE TABLE CLIENTE (
  2      ID_CLIENTE INT,
  3      NOME VARCHAR2(30) NOT NULL,
  4      COGNOME VARCHAR2(30) NOT NULL,
  5      DATA_NASCITA DATE NOT NULL,
  6      INDIRIZZO VARCHAR2(100) NOT NULL,
  7      CONSTRAINT P_ID_CLIENTE PRIMARY KEY (ID_CLIENTE)
  8  );

CREATE TABLE CLIENTE (
             *
ERROR at line 10:
ORA-00955: name is already used by an existing object
SQL> CREATE TABLE INVESTIMENTO (
  2      ID_INVESTIMENTO INTEGER,
  3      ID_CLIENTE INTEGER NOT NULL,
  4      TIPO_INVESTIMENTO VARCHAR2(30) NOT NULL,
  5      IMPORTO_INVESTITO NUMBER(38, 2) NOT NULL,
  6      DATA_INVESTIMENTO DATE NOT NULL,
  7      CONSTRAINT P_ID_INVESTIMENTO PRIMARY KEY (ID_INVESTIMENTO),
  8      CONSTRAINT R_INVESTIMENTO_ID_CLIENTE FOREIGN KEY (ID_CLIENTE) REFERENCES CLIENTE(ID_CLIENTE)
  9  );

CREATE TABLE INVESTIMENTO (
             *
ERROR at line 19:
ORA-00955: name is already used by an existing object
SQL> CREATE TABLE CONTO (
  2      NUMERO_CONTO INTEGER,
  3      ID_CLIENTE INTEGER NOT NULL,
  4      TIPO_CONTO VARCHAR2(30) NOT NULL,
  5      SALDO NUMBER(38, 2) NOT NULL,
  6      DATA_APERTURA DATE NOT NULL,
  7      CONSTRAINT P_NUMERO_CONTO PRIMARY KEY (NUMERO_CONTO),
  8      CONSTRAINT R_CONTO_ID_CLIENTE FOREIGN KEY (ID_CLIENTE) REFERENCES CLIENTE(ID_CLIENTE)
  9  );

CREATE TABLE CONTO (
             *
ERROR at line 29:
ORA-00955: name is already used by an existing object
SQL> CREATE TABLE CAMBIO_VALUTA (
  2      ID_CAMBIO INTEGER,
  3      VALUTA_ORIGINE VARCHAR2(30) NOT NULL,
  4      VALUTA_DESTINAZIONE VARCHAR2(30) NOT NULL,
  5      TASSO_CAMBIO NUMBER(4, 2),
  6      DATA_CAMBIO DATE NOT NULL,
  7      CONSTRAINT P_ID_CAMBIO PRIMARY KEY (ID_CAMBIO)
  8  );

CREATE TABLE CAMBIO_VALUTA (
             *
ERROR at line 39:
ORA-00955: name is already used by an existing object
SQL> CREATE TABLE TRANSAZIONE (
  2      ID_TRANSAZIONE INTEGER,
  3      NUMERO_CONTO INTEGER NOT NULL,
  4      ID_CAMBIO INTEGER NULL,
  5      DATA_TRANSAZIONE DATE NOT NULL,
  6      TIPO_TRANSAZIONE VARCHAR2(30) NOT NULL,
  7      IMPORTO NUMBER(38, 2) NOT NULL,
  8      CONSTRAINT P_ID_TRANSAZIONE PRIMARY KEY (ID_TRANSAZIONE),
  9      CONSTRAINT R_TRANSAZIONE_NUMERO_CONTO FOREIGN KEY (NUMERO_CONTO) REFERENCES CONTO(NUMERO_CONTO),
  10      CONSTRAINT R_ID_CAMBIO FOREIGN KEY (ID_CAMBIO) REFERENCES CAMBIO_VALUTA(ID_CAMBIO)
  11  );

CREATE TABLE TRANSAZIONE (
             *
ERROR at line 48:
ORA-00955: name is already used by an existing object
SQL> CREATE TABLE FILIALE (
  2      ID_FILIALE INTEGER,
  3      NOME_FILIALE VARCHAR2(50) NOT NULL,
  4      INDIRIZZO_FILIALE VARCHAR2(100) NOT NULL,
  5      TELEFONO CHAR(20) NOT NULL,
  6      RESPONSABILE INTEGER NOT NULL,
  7      CONSTRAINT P_ID_FILIALE PRIMARY KEY (ID_FILIALE)
  8  );

CREATE TABLE FILIALE (
             *
ERROR at line 60:
ORA-00955: name is already used by an existing object
SQL> CREATE TABLE TASSO_INTERESSE (
  2      ID_TASSO INTEGER,
  3      TIPO_CONTO VARCHAR(30) NOT NULL,
  4      TASSO_ANNUO NUMBER(4, 2) NOT NULL,
  5      DATA_INIZIO_VALENZA DATE NOT NULL,
  6      DATA_FINE_VALENZA DATE NOT NULL,
  7      CONSTRAINT P_ID_TASSO PRIMARY KEY (ID_TASSO)
  8  );

CREATE TABLE TASSO_INTERESSE (
             *
ERROR at line 69:
ORA-00955: name is already used by an existing object
SQL> CREATE TABLE PRESTITO (
  2      ID_PRESTITO INTEGER,
  3      NUMERO_CONTO INTEGER NOT NULL,
  4      ID_FILIALE INTEGER NOT NULL,
  5      ID_TASSO INTEGER NOT NULL,
  6      NUMERO_PRESTITO INTEGER NOT NULL,
  7      IMPORTO_PRESTITO NUMBER(38, 2) NOT NULL,
  8      DATA_CONCESSIONE DATE NOT NULL,
  9      CONSTRAINT P_ID_PRESTITO PRIMARY KEY (ID_PRESTITO),
  10      CONSTRAINT R_PRESTITO_NUMERO_CONTO FOREIGN KEY (NUMERO_CONTO) REFERENCES CONTO(NUMERO_CONTO),
  11      CONSTRAINT R_PRESTITO_ID_FILIALE FOREIGN KEY (ID_FILIALE) REFERENCES FILIALE(ID_FILIALE),
  12      CONSTRAINT R_ID_TASSO FOREIGN KEY (ID_TASSO) REFERENCES TASSO_INTERESSE(ID_TASSO)
  13  );

CREATE TABLE PRESTITO (
             *
ERROR at line 78:
ORA-00955: name is already used by an existing object
SQL> CREATE TABLE DIPENDENTE (
  2      ID_DIPENDENTE INTEGER,
  3      ID_FILIALE INTEGER NOT NULL,
  4      NOME_DIPENDENTE VARCHAR2(30) NOT NULL,
  5      COGNOME_DIPENDENTE VARCHAR(30) NOT NULL,
  6      RUOLO VARCHAR2(30) NOT NULL,
  7      CONSTRAINT P_ID_DIPENDENTE PRIMARY KEY (ID_DIPENDENTE),
  8      CONSTRAINT R_DIPENDENTE_ID_FILIALE FOREIGN KEY (ID_FILIALE) REFERENCES FILIALE(ID_FILIALE)
  9  );

CREATE TABLE DIPENDENTE (
             *
ERROR at line 92:
ORA-00955: name is already used by an existing object
SQL> CREATE TABLE BANCOMAT (
  2      NUMERO_BANCOMAT INTEGER,
  3      ID_FILIALE INTEGER NOT NULL,
  4      POSIZIONE VARCHAR2(100) NOT NULL,
  5      DATA_INSTALLAZIONE DATE NOT NULL,
  6      CONSTRAINT P_NUMERO_BANCOMAT PRIMARY KEY (NUMERO_BANCOMAT),
  7      CONSTRAINT R_BANCOMAT_ID_FILIALE FOREIGN KEY (ID_FILIALE) REFERENCES FILIALE(ID_FILIALE)
  8  );

CREATE TABLE BANCOMAT (
             *
ERROR at line 102:
ORA-00955: name is already used by an existing object
SQL> /*
  2  SELECT
  3      'drop table '
  4      ||TABLE_NAME
  5      ||' cascade constraints;'
  6  FROM
  7      USER_TABLES;
  8  */
SQL> CREATE TABLE CLIENTE (
  2      ID_CLIENTE INT,
  3      NOME VARCHAR2(30) NOT NULL,
  4      COGNOME VARCHAR2(30) NOT NULL,
  5      DATA_NASCITA DATE NOT NULL,
  6      INDIRIZZO VARCHAR2(100) NOT NULL,
  7      CONSTRAINT P_ID_CLIENTE PRIMARY KEY (ID_CLIENTE)
  8  );

TABLE created.

SQL> CREATE TABLE INVESTIMENTO (
  2      ID_INVESTIMENTO INTEGER,
  3      ID_CLIENTE INTEGER NOT NULL,
  4      TIPO_INVESTIMENTO VARCHAR2(30) NOT NULL,
  5      IMPORTO_INVESTITO NUMBER(38, 2) NOT NULL,
  6      DATA_INVESTIMENTO DATE NOT NULL,
  7      CONSTRAINT P_ID_INVESTIMENTO PRIMARY KEY (ID_INVESTIMENTO),
  8      CONSTRAINT R_INVESTIMENTO_ID_CLIENTE FOREIGN KEY (ID_CLIENTE) REFERENCES CLIENTE(ID_CLIENTE)
  9  );

TABLE created.

SQL> CREATE TABLE CONTO (
  2      NUMERO_CONTO INTEGER,
  3      ID_CLIENTE INTEGER NOT NULL,
  4      TIPO_CONTO VARCHAR2(30) NOT NULL,
  5      SALDO NUMBER(38, 2) NOT NULL,
  6      DATA_APERTURA DATE NOT NULL,
  7      CONSTRAINT P_NUMERO_CONTO PRIMARY KEY (NUMERO_CONTO),
  8      CONSTRAINT R_CONTO_ID_CLIENTE FOREIGN KEY (ID_CLIENTE) REFERENCES CLIENTE(ID_CLIENTE)
  9  );

TABLE created.

SQL> CREATE TABLE CAMBIO_VALUTA (
  2      ID_CAMBIO INTEGER,
  3      VALUTA_ORIGINE VARCHAR2(30) NOT NULL,
  4      VALUTA_DESTINAZIONE VARCHAR2(30) NOT NULL,
  5      TASSO_CAMBIO NUMBER(4, 2),
  6      DATA_CAMBIO DATE NOT NULL,
  7      CONSTRAINT P_ID_CAMBIO PRIMARY KEY (ID_CAMBIO)
  8  );

TABLE created.

SQL> CREATE TABLE TRANSAZIONE (
  2      ID_TRANSAZIONE INTEGER,
  3      NUMERO_CONTO INTEGER NOT NULL,
  4      ID_CAMBIO INTEGER NULL,
  5      DATA_TRANSAZIONE DATE NOT NULL,
  6      TIPO_TRANSAZIONE VARCHAR2(30) NOT NULL,
  7      IMPORTO NUMBER(38, 2) NOT NULL,
  8      CONSTRAINT P_ID_TRANSAZIONE PRIMARY KEY (ID_TRANSAZIONE),
  9      CONSTRAINT R_TRANSAZIONE_NUMERO_CONTO FOREIGN KEY (NUMERO_CONTO) REFERENCES CONTO(NUMERO_CONTO),
  10      CONSTRAINT R_ID_CAMBIO FOREIGN KEY (ID_CAMBIO) REFERENCES CAMBIO_VALUTA(ID_CAMBIO)
  11  );

TABLE created.

SQL> CREATE TABLE FILIALE (
  2      ID_FILIALE INTEGER,
  3      NOME_FILIALE VARCHAR2(50) NOT NULL,
  4      INDIRIZZO_FILIALE VARCHAR2(100) NOT NULL,
  5      TELEFONO CHAR(20) NOT NULL,
  6      RESPONSABILE INTEGER NOT NULL,
  7      CONSTRAINT P_ID_FILIALE PRIMARY KEY (ID_FILIALE)
  8  );

TABLE created.

SQL> CREATE TABLE TASSO_INTERESSE (
  2      ID_TASSO INTEGER,
  3      TIPO_CONTO VARCHAR(30) NOT NULL,
  4      TASSO_ANNUO NUMBER(4, 2) NOT NULL,
  5      DATA_INIZIO_VALENZA DATE NOT NULL,
  6      DATA_FINE_VALENZA DATE NOT NULL,
  7      CONSTRAINT P_ID_TASSO PRIMARY KEY (ID_TASSO)
  8  );

TABLE created.

SQL> CREATE TABLE PRESTITO (
  2      ID_PRESTITO INTEGER,
  3      NUMERO_CONTO INTEGER NOT NULL,
  4      ID_FILIALE INTEGER NOT NULL,
  5      ID_TASSO INTEGER NOT NULL,
  6      NUMERO_PRESTITO INTEGER NOT NULL,
  7      IMPORTO_PRESTITO NUMBER(38, 2) NOT NULL,
  8      DATA_CONCESSIONE DATE NOT NULL,
  9      CONSTRAINT P_ID_PRESTITO PRIMARY KEY (ID_PRESTITO),
  10      CONSTRAINT R_PRESTITO_NUMERO_CONTO FOREIGN KEY (NUMERO_CONTO) REFERENCES CONTO(NUMERO_CONTO),
  11      CONSTRAINT R_PRESTITO_ID_FILIALE FOREIGN KEY (ID_FILIALE) REFERENCES FILIALE(ID_FILIALE),
  12      CONSTRAINT R_ID_TASSO FOREIGN KEY (ID_TASSO) REFERENCES TASSO_INTERESSE(ID_TASSO)
  13  );

TABLE created.

SQL> CREATE TABLE DIPENDENTE (
  2      ID_DIPENDENTE INTEGER,
  3      ID_FILIALE INTEGER NOT NULL,
  4      NOME_DIPENDENTE VARCHAR2(30) NOT NULL,
  5      COGNOME_DIPENDENTE VARCHAR(30) NOT NULL,
  6      RUOLO VARCHAR2(30) NOT NULL,
  7      CONSTRAINT P_ID_DIPENDENTE PRIMARY KEY (ID_DIPENDENTE),
  8      CONSTRAINT R_DIPENDENTE_ID_FILIALE FOREIGN KEY (ID_FILIALE) REFERENCES FILIALE(ID_FILIALE)
  9  );

TABLE created.

SQL> CREATE TABLE BANCOMAT (
  2      NUMERO_BANCOMAT INTEGER,
  3      ID_FILIALE INTEGER NOT NULL,
  4      POSIZIONE VARCHAR2(100) NOT NULL,
  5      DATA_INSTALLAZIONE DATE NOT NULL,
  6      CONSTRAINT P_NUMERO_BANCOMAT PRIMARY KEY (NUMERO_BANCOMAT),
  7      CONSTRAINT R_BANCOMAT_ID_FILIALE FOREIGN KEY (ID_FILIALE) REFERENCES FILIALE(ID_FILIALE)
  8  );

TABLE created.

